Archive member included because of file (symbol)

c:/winavr-20100110/bin/../lib/gcc/avr/4.3.3/avr5\libgcc.a(_udivmodqi4.o)
                              ./Service/TC72/TC72.o (__udivmodqi4)
c:/winavr-20100110/bin/../lib/gcc/avr/4.3.3/avr5\libgcc.a(_exit.o)
                              c:/winavr-20100110/bin/../lib/gcc/avr/4.3.3/../../../../avr/lib/avr5/crtm32.o (exit)
c:/winavr-20100110/bin/../lib/gcc/avr/4.3.3/avr5\libgcc.a(_copy_data.o)
                              ./Service/DISPLAY/DISPLAY.o (__do_copy_data)
c:/winavr-20100110/bin/../lib/gcc/avr/4.3.3/avr5\libgcc.a(_clear_bss.o)
                              ./MCAL/TIMER2/timer2.o (__do_clear_bss)
c:/winavr-20100110/bin/../lib/gcc/avr/4.3.3/avr5\libgcc.a(_fixunssfsi.o)
                              ./MCAL/PWM0/pwm0.o (__fixunssfsi)
c:/winavr-20100110/bin/../lib/gcc/avr/4.3.3/avr5\libgcc.a(_addsub_sf.o)
                              c:/winavr-20100110/bin/../lib/gcc/avr/4.3.3/avr5\libgcc.a(_fixunssfsi.o) (__subsf3)
c:/winavr-20100110/bin/../lib/gcc/avr/4.3.3/avr5\libgcc.a(_mul_sf.o)
                              ./MCAL/PWM0/pwm0.o (__mulsf3)
c:/winavr-20100110/bin/../lib/gcc/avr/4.3.3/avr5\libgcc.a(_ge_sf.o)
                              c:/winavr-20100110/bin/../lib/gcc/avr/4.3.3/avr5\libgcc.a(_fixunssfsi.o) (__gesf2)
c:/winavr-20100110/bin/../lib/gcc/avr/4.3.3/avr5\libgcc.a(_sf_to_si.o)
                              c:/winavr-20100110/bin/../lib/gcc/avr/4.3.3/avr5\libgcc.a(_fixunssfsi.o) (__fixsfsi)
c:/winavr-20100110/bin/../lib/gcc/avr/4.3.3/avr5\libgcc.a(_thenan_sf.o)
                              c:/winavr-20100110/bin/../lib/gcc/avr/4.3.3/avr5\libgcc.a(_addsub_sf.o) (__thenan_sf)
c:/winavr-20100110/bin/../lib/gcc/avr/4.3.3/avr5\libgcc.a(_prologue.o)
                              c:/winavr-20100110/bin/../lib/gcc/avr/4.3.3/avr5\libgcc.a(_addsub_sf.o) (__prologue_saves__)
c:/winavr-20100110/bin/../lib/gcc/avr/4.3.3/avr5\libgcc.a(_epilogue.o)
                              c:/winavr-20100110/bin/../lib/gcc/avr/4.3.3/avr5\libgcc.a(_addsub_sf.o) (__epilogue_restores__)
c:/winavr-20100110/bin/../lib/gcc/avr/4.3.3/avr5\libgcc.a(_pack_sf.o)
                              c:/winavr-20100110/bin/../lib/gcc/avr/4.3.3/avr5\libgcc.a(_addsub_sf.o) (__pack_f)
c:/winavr-20100110/bin/../lib/gcc/avr/4.3.3/avr5\libgcc.a(_unpack_sf.o)
                              c:/winavr-20100110/bin/../lib/gcc/avr/4.3.3/avr5\libgcc.a(_addsub_sf.o) (__unpack_f)
c:/winavr-20100110/bin/../lib/gcc/avr/4.3.3/avr5\libgcc.a(_fpcmp_parts_sf.o)
                              c:/winavr-20100110/bin/../lib/gcc/avr/4.3.3/avr5\libgcc.a(_ge_sf.o) (__fpcmp_parts_f)

Memory Configuration

Name             Origin             Length             Attributes
text             0x00000000         0x00020000         xr
data             0x00800060         0x0000ffa0         rw !x
eeprom           0x00810000         0x00010000         rw !x
fuse             0x00820000         0x00000400         rw !x
lock             0x00830000         0x00000400         rw !x
signature        0x00840000         0x00000400         rw !x
*default*        0x00000000         0xffffffff

Linker script and memory map

LOAD c:/winavr-20100110/bin/../lib/gcc/avr/4.3.3/../../../../avr/lib/avr5/crtm32.o
LOAD ./Service/TC72/TC72.o
LOAD ./Service/DISPLAY/DISPLAY.o
LOAD ./MCAL/TIMER2/test_timer2.o
LOAD ./MCAL/TIMER2/timer2.o
LOAD ./MCAL/TIMER0/main_timer.o
LOAD ./MCAL/TIMER0/timer0.o
LOAD ./MCAL/SPI/SPI.o
LOAD ./MCAL/PWM0/pwm0.o
LOAD ./MCAL/PWM0/test_pwm0.o
LOAD ./MCAL/INTERRUPT/INTERRUPT.o
LOAD ./MCAL/DIO/DIO.o
LOAD ./HAL/LCD/LCD.o
LOAD ./HAL/KEYPAD/KEYPAD.o
LOAD ./HAL/ADC/ADC.o
LOAD ./main.o
LOAD c:/winavr-20100110/bin/../lib/gcc/avr/4.3.3/avr5\libgcc.a
LOAD c:/winavr-20100110/bin/../lib/gcc/avr/4.3.3/../../../../avr/lib/avr5\libc.a
LOAD c:/winavr-20100110/bin/../lib/gcc/avr/4.3.3/avr5\libgcc.a

.hash
 *(.hash)

.dynsym
 *(.dynsym)

.dynstr
 *(.dynstr)

.gnu.version
 *(.gnu.version)

.gnu.version_d
 *(.gnu.version_d)

.gnu.version_r
 *(.gnu.version_r)

.rel.init
 *(.rel.init)

.rela.init
 *(.rela.init)

.rel.text
 *(.rel.text)
 *(.rel.text.*)
 *(.rel.gnu.linkonce.t*)

.rela.text
 *(.rela.text)
 *(.rela.text.*)
 *(.rela.gnu.linkonce.t*)

.rel.fini
 *(.rel.fini)

.rela.fini
 *(.rela.fini)

.rel.rodata
 *(.rel.rodata)
 *(.rel.rodata.*)
 *(.rel.gnu.linkonce.r*)

.rela.rodata
 *(.rela.rodata)
 *(.rela.rodata.*)
 *(.rela.gnu.linkonce.r*)

.rel.data
 *(.rel.data)
 *(.rel.data.*)
 *(.rel.gnu.linkonce.d*)

.rela.data
 *(.rela.data)
 *(.rela.data.*)
 *(.rela.gnu.linkonce.d*)

.rel.ctors
 *(.rel.ctors)

.rela.ctors
 *(.rela.ctors)

.rel.dtors
 *(.rel.dtors)

.rela.dtors
 *(.rela.dtors)

.rel.got
 *(.rel.got)

.rela.got
 *(.rela.got)

.rel.bss
 *(.rel.bss)

.rela.bss
 *(.rela.bss)

.rel.plt
 *(.rel.plt)

.rela.plt
 *(.rela.plt)

.text           0x00000000     0x1c9a
 *(.vectors)
 .vectors       0x00000000       0x54 c:/winavr-20100110/bin/../lib/gcc/avr/4.3.3/../../../../avr/lib/avr5/crtm32.o
                0x00000000                __vectors
                0x00000000                __vector_default
 *(.vectors)
 *(.progmem.gcc*)
 *(.progmem*)
                0x00000054                . = ALIGN (0x2)
                0x00000054                __trampolines_start = .
 *(.trampolines)
 .trampolines   0x00000054        0x0 linker stubs
 *(.trampolines*)
                0x00000054                __trampolines_end = .
 *(.jumptables)
 *(.jumptables*)
 *(.lowtext)
 *(.lowtext*)
                0x00000054                __ctors_start = .
 *(.ctors)
                0x00000054                __ctors_end = .
                0x00000054                __dtors_start = .
 *(.dtors)
                0x00000054                __dtors_end = .
 SORT(*)(.ctors)
 SORT(*)(.dtors)
 *(.init0)
 .init0         0x00000054        0x0 c:/winavr-20100110/bin/../lib/gcc/avr/4.3.3/../../../../avr/lib/avr5/crtm32.o
                0x00000054                __init
 *(.init0)
 *(.init1)
 *(.init1)
 *(.init2)
 .init2         0x00000054        0xc c:/winavr-20100110/bin/../lib/gcc/avr/4.3.3/../../../../avr/lib/avr5/crtm32.o
 *(.init2)
 *(.init3)
 *(.init3)
 *(.init4)
 .init4         0x00000060       0x16 c:/winavr-20100110/bin/../lib/gcc/avr/4.3.3/avr5\libgcc.a(_copy_data.o)
                0x00000060                __do_copy_data
 .init4         0x00000076       0x10 c:/winavr-20100110/bin/../lib/gcc/avr/4.3.3/avr5\libgcc.a(_clear_bss.o)
                0x00000076                __do_clear_bss
 *(.init4)
 *(.init5)
 *(.init5)
 *(.init6)
 *(.init6)
 *(.init7)
 *(.init7)
 *(.init8)
 *(.init8)
 *(.init9)
 .init9         0x00000086        0x8 c:/winavr-20100110/bin/../lib/gcc/avr/4.3.3/../../../../avr/lib/avr5/crtm32.o
 *(.init9)
 *(.text)
 .text          0x0000008e        0x4 c:/winavr-20100110/bin/../lib/gcc/avr/4.3.3/../../../../avr/lib/avr5/crtm32.o
                0x0000008e                __vector_12
                0x0000008e                __bad_interrupt
                0x0000008e                __vector_6
                0x0000008e                __vector_13
                0x0000008e                __vector_17
                0x0000008e                __vector_19
                0x0000008e                __vector_7
                0x0000008e                __vector_9
                0x0000008e                __vector_15
                0x0000008e                __vector_8
                0x0000008e                __vector_14
                0x0000008e                __vector_16
                0x0000008e                __vector_18
                0x0000008e                __vector_20
 .text          0x00000092        0x0 ./Service/TC72/TC72.o
 .text          0x00000092        0x0 ./Service/DISPLAY/DISPLAY.o
 .text          0x00000092        0x0 ./MCAL/TIMER2/test_timer2.o
 .text          0x00000092        0x0 ./MCAL/TIMER2/timer2.o
 .text          0x00000092        0x0 ./MCAL/TIMER0/main_timer.o
 .text          0x00000092        0x0 ./MCAL/TIMER0/timer0.o
 .text          0x00000092        0x0 ./MCAL/SPI/SPI.o
 .text          0x00000092        0x0 ./MCAL/PWM0/pwm0.o
 .text          0x00000092        0x0 ./MCAL/PWM0/test_pwm0.o
 .text          0x00000092        0x0 ./MCAL/INTERRUPT/INTERRUPT.o
 .text          0x00000092        0x0 ./MCAL/DIO/DIO.o
 .text          0x00000092        0x0 ./HAL/LCD/LCD.o
 .text          0x00000092        0x0 ./HAL/KEYPAD/KEYPAD.o
 .text          0x00000092        0x0 ./HAL/ADC/ADC.o
 .text          0x00000092        0x0 ./main.o
 .text          0x00000092        0x0 c:/winavr-20100110/bin/../lib/gcc/avr/4.3.3/avr5\libgcc.a(_udivmodqi4.o)
 .text          0x00000092        0x0 c:/winavr-20100110/bin/../lib/gcc/avr/4.3.3/avr5\libgcc.a(_exit.o)
 .text          0x00000092        0x0 c:/winavr-20100110/bin/../lib/gcc/avr/4.3.3/avr5\libgcc.a(_copy_data.o)
 .text          0x00000092        0x0 c:/winavr-20100110/bin/../lib/gcc/avr/4.3.3/avr5\libgcc.a(_clear_bss.o)
 .text          0x00000092       0x58 c:/winavr-20100110/bin/../lib/gcc/avr/4.3.3/avr5\libgcc.a(_fixunssfsi.o)
                0x00000092                __fixunssfsi
 .text          0x000000ea      0x354 c:/winavr-20100110/bin/../lib/gcc/avr/4.3.3/avr5\libgcc.a(_addsub_sf.o)
                0x00000382                __subsf3
                0x000003e4                __addsf3
 .text          0x0000043e      0x1f4 c:/winavr-20100110/bin/../lib/gcc/avr/4.3.3/avr5\libgcc.a(_mul_sf.o)
                0x0000043e                __mulsf3
 .text          0x00000632       0x60 c:/winavr-20100110/bin/../lib/gcc/avr/4.3.3/avr5\libgcc.a(_ge_sf.o)
                0x00000632                __gesf2
 .text          0x00000692       0xa8 c:/winavr-20100110/bin/../lib/gcc/avr/4.3.3/avr5\libgcc.a(_sf_to_si.o)
                0x00000692                __fixsfsi
 .text          0x0000073a        0x0 c:/winavr-20100110/bin/../lib/gcc/avr/4.3.3/avr5\libgcc.a(_thenan_sf.o)
 .text          0x0000073a        0x0 c:/winavr-20100110/bin/../lib/gcc/avr/4.3.3/avr5\libgcc.a(_prologue.o)
 .text          0x0000073a        0x0 c:/winavr-20100110/bin/../lib/gcc/avr/4.3.3/avr5\libgcc.a(_epilogue.o)
 .text          0x0000073a      0x1aa c:/winavr-20100110/bin/../lib/gcc/avr/4.3.3/avr5\libgcc.a(_pack_sf.o)
                0x0000073a                __pack_f
 .text          0x000008e4       0xf0 c:/winavr-20100110/bin/../lib/gcc/avr/4.3.3/avr5\libgcc.a(_unpack_sf.o)
                0x000008e4                __unpack_f
 .text          0x000009d4       0xb2 c:/winavr-20100110/bin/../lib/gcc/avr/4.3.3/avr5\libgcc.a(_fpcmp_parts_sf.o)
                0x000009d4                __fpcmp_parts_f
                0x00000a86                . = ALIGN (0x2)
 *(.text.*)
 .text.convertIntChar
                0x00000a86       0x62 ./Service/TC72/TC72.o
                0x00000a86                convertIntChar
 .text.TC72_Init
                0x00000ae8       0x28 ./Service/TC72/TC72.o
                0x00000ae8                TC72_Init
 .text.TC72_getTemp
                0x00000b10       0x90 ./Service/TC72/TC72.o
                0x00000b10                TC72_getTemp
 .text.DISPLAY_PrintSTATE
                0x00000ba0       0x32 ./Service/DISPLAY/DISPLAY.o
                0x00000ba0                DISPLAY_PrintSTATE
 .text.DSPLAY_IDLEscreen
                0x00000bd2       0x76 ./Service/DISPLAY/DISPLAY.o
                0x00000bd2                DSPLAY_IDLEscreen
 .text.DISPLAY_Welcome
                0x00000c48       0xe4 ./Service/DISPLAY/DISPLAY.o
                0x00000c48                DISPLAY_Welcome
 .text.TIMER2_init
                0x00000d2c       0x62 ./MCAL/TIMER2/timer2.o
                0x00000d2c                TIMER2_init
 .text.TIMER2_start
                0x00000d8e        0x4 ./MCAL/TIMER2/timer2.o
                0x00000d8e                TIMER2_start
 .text.TIMER2_setCompareValue
                0x00000d92        0x4 ./MCAL/TIMER2/timer2.o
                0x00000d92                TIMER2_setCompareValue
 .text.TIMER2_stop
                0x00000d96       0x16 ./MCAL/TIMER2/timer2.o
                0x00000d96                TIMER2_stop
 .text.TIMER2_setCompareModeCallBack
                0x00000dac        0xa ./MCAL/TIMER2/timer2.o
                0x00000dac                TIMER2_setCompareModeCallBack
 .text.TIMER2_setOverflowModeCallBack
                0x00000db6        0xa ./MCAL/TIMER2/timer2.o
                0x00000db6                TIMER2_setOverflowModeCallBack
 .text.__vector_4
                0x00000dc0       0x5a ./MCAL/TIMER2/timer2.o
                0x00000dc0                __vector_4
 .text.__vector_5
                0x00000e1a       0x5a ./MCAL/TIMER2/timer2.o
                0x00000e1a                __vector_5
 .text.TIMER0_init
                0x00000e74       0x56 ./MCAL/TIMER0/timer0.o
                0x00000e74                TIMER0_init
 .text.TIMER0_start
                0x00000eca        0x4 ./MCAL/TIMER0/timer0.o
                0x00000eca                TIMER0_start
 .text.TIMER0_setCompareValue
                0x00000ece        0x4 ./MCAL/TIMER0/timer0.o
                0x00000ece                TIMER0_setCompareValue
 .text.TIMER0_stop
                0x00000ed2       0x16 ./MCAL/TIMER0/timer0.o
                0x00000ed2                TIMER0_stop
 .text.TIMER0_setCompareModeCallBack
                0x00000ee8        0xa ./MCAL/TIMER0/timer0.o
                0x00000ee8                TIMER0_setCompareModeCallBack
 .text.TIMER0_setOverflowModeCallBack
                0x00000ef2        0xa ./MCAL/TIMER0/timer0.o
                0x00000ef2                TIMER0_setOverflowModeCallBack
 .text.__vector_10
                0x00000efc       0x5a ./MCAL/TIMER0/timer0.o
                0x00000efc                __vector_10
 .text.__vector_11
                0x00000f56       0x5a ./MCAL/TIMER0/timer0.o
                0x00000f56                __vector_11
 .text.SPI_InitSlave
                0x00000fb0        0x6 ./MCAL/SPI/SPI.o
                0x00000fb0                SPI_InitSlave
 .text.SPI_Transmit
                0x00000fb6        0x8 ./MCAL/SPI/SPI.o
                0x00000fb6                SPI_Transmit
 .text.SPI_Receive
                0x00000fbe        0x8 ./MCAL/SPI/SPI.o
                0x00000fbe                SPI_Receive
 .text.SPI_InitMaster
                0x00000fc6       0x28 ./MCAL/SPI/SPI.o
                0x00000fc6                SPI_InitMaster
 .text.PMW0_stop
                0x00000fee        0xc ./MCAL/PWM0/pwm0.o
                0x00000fee                PMW0_stop
 .text.PWM0_start
                0x00000ffa       0x1a ./MCAL/PWM0/pwm0.o
                0x00000ffa                PWM0_start
 .text.PWM0_init
                0x00001014       0x50 ./MCAL/PWM0/pwm0.o
                0x00001014                PWM0_init
 .text.Interrupt_Init
                0x00001064       0x74 ./MCAL/INTERRUPT/INTERRUPT.o
                0x00001064                Interrupt_Init
 .text.DIO_setPINDir
                0x000010d8       0xe4 ./MCAL/DIO/DIO.o
                0x000010d8                DIO_setPINDir
 .text.DIO_write
                0x000011bc       0xe4 ./MCAL/DIO/DIO.o
                0x000011bc                DIO_write
 .text.DIO_readPin
                0x000012a0       0x3c ./MCAL/DIO/DIO.o
                0x000012a0                DIO_readPin
 .text.DIO_readPort
                0x000012dc      0x108 ./MCAL/DIO/DIO.o
                0x000012dc                DIO_readPort
 .text.DIO_togglePin
                0x000013e4       0x70 ./MCAL/DIO/DIO.o
                0x000013e4                DIO_togglePin
 .text.DIO_writePort
                0x00001454       0x28 ./MCAL/DIO/DIO.o
                0x00001454                DIO_writePort
 .text.DIO_writeHighnibble
                0x0000147c       0x40 ./MCAL/DIO/DIO.o
                0x0000147c                DIO_writeHighnibble
 .text.clear_highNibble
                0x000014bc       0x38 ./MCAL/DIO/DIO.o
                0x000014bc                clear_highNibble
 .text.DIO_connectPullup
                0x000014f4      0x120 ./MCAL/DIO/DIO.o
                0x000014f4                DIO_connectPullup
 .text.send_falling_edge
                0x00001614       0x1c ./HAL/LCD/LCD.o
 .text.LCD_DispChar
                0x00001630       0x96 ./HAL/LCD/LCD.o
                0x00001630                LCD_DispChar
 .text.LCD_Print
                0x000016c6       0x1a ./HAL/LCD/LCD.o
                0x000016c6                LCD_Print
 .text.LCD_SendCommand
                0x000016e0       0x96 ./HAL/LCD/LCD.o
                0x000016e0                LCD_SendCommand
 .text.LCD_clearscreen
                0x00001776       0x10 ./HAL/LCD/LCD.o
                0x00001776                LCD_clearscreen
 .text.LCD_Init
                0x00001786       0x5e ./HAL/LCD/LCD.o
                0x00001786                LCD_Init
 .text.KeyPad_GetKeyC2
                0x000017e4       0xd0 ./HAL/KEYPAD/KEYPAD.o
                0x000017e4                KeyPad_GetKeyC2
 .text.KeyPad_GetKeyC1
                0x000018b4       0xd0 ./HAL/KEYPAD/KEYPAD.o
                0x000018b4                KeyPad_GetKeyC1
 .text.KeyPad_GetKeyC0
                0x00001984       0xd0 ./HAL/KEYPAD/KEYPAD.o
                0x00001984                KeyPad_GetKeyC0
 .text.KEYPAD_Init
                0x00001a54       0x52 ./HAL/KEYPAD/KEYPAD.o
                0x00001a54                KEYPAD_Init
 .text.ADC_Init
                0x00001aa6        0xc ./HAL/ADC/ADC.o
                0x00001aa6                ADC_Init
 .text.ADC_Read
                0x00001ab2       0x24 ./HAL/ADC/ADC.o
                0x00001ab2                ADC_Read
 .text.__vector_3
                0x00001ad6       0x56 ./main.o
                0x00001ad6                __vector_3
 .text.__vector_2
                0x00001b2c       0x56 ./main.o
                0x00001b2c                __vector_2
 .text.__vector_1
                0x00001b82       0x56 ./main.o
                0x00001b82                __vector_1
 .text.main     0x00001bd8       0x38 ./main.o
                0x00001bd8                main
 .text.libgcc   0x00001c10       0x18 c:/winavr-20100110/bin/../lib/gcc/avr/4.3.3/avr5\libgcc.a(_udivmodqi4.o)
                0x00001c10                __udivmodqi4
 .text.libgcc   0x00001c28        0x0 c:/winavr-20100110/bin/../lib/gcc/avr/4.3.3/avr5\libgcc.a(_exit.o)
 .text.libgcc   0x00001c28        0x0 c:/winavr-20100110/bin/../lib/gcc/avr/4.3.3/avr5\libgcc.a(_copy_data.o)
 .text.libgcc   0x00001c28        0x0 c:/winavr-20100110/bin/../lib/gcc/avr/4.3.3/avr5\libgcc.a(_clear_bss.o)
 .text.libgcc   0x00001c28       0x38 c:/winavr-20100110/bin/../lib/gcc/avr/4.3.3/avr5\libgcc.a(_prologue.o)
                0x00001c28                __prologue_saves__
 .text.libgcc   0x00001c60       0x36 c:/winavr-20100110/bin/../lib/gcc/avr/4.3.3/avr5\libgcc.a(_epilogue.o)
                0x00001c60                __epilogue_restores__
                0x00001c96                . = ALIGN (0x2)
 *(.fini9)
 .fini9         0x00001c96        0x0 c:/winavr-20100110/bin/../lib/gcc/avr/4.3.3/avr5\libgcc.a(_exit.o)
                0x00001c96                exit
                0x00001c96                _exit
 *(.fini9)
 *(.fini8)
 *(.fini8)
 *(.fini7)
 *(.fini7)
 *(.fini6)
 *(.fini6)
 *(.fini5)
 *(.fini5)
 *(.fini4)
 *(.fini4)
 *(.fini3)
 *(.fini3)
 *(.fini2)
 *(.fini2)
 *(.fini1)
 *(.fini1)
 *(.fini0)
 .fini0         0x00001c96        0x4 c:/winavr-20100110/bin/../lib/gcc/avr/4.3.3/avr5\libgcc.a(_exit.o)
 *(.fini0)
                0x00001c9a                _etext = .

.data           0x00800060       0x3e load address 0x00001c9a
                0x00800060                PROVIDE (__data_start, .)
 *(.data)
 .data          0x00800060        0x0 c:/winavr-20100110/bin/../lib/gcc/avr/4.3.3/../../../../avr/lib/avr5/crtm32.o
 .data          0x00800060        0x0 ./Service/TC72/TC72.o
 .data          0x00800060       0x30 ./Service/DISPLAY/DISPLAY.o
 .data          0x00800090        0x0 ./MCAL/TIMER2/test_timer2.o
 .data          0x00800090        0x0 ./MCAL/TIMER2/timer2.o
 .data          0x00800090        0x0 ./MCAL/TIMER0/main_timer.o
 .data          0x00800090        0x0 ./MCAL/TIMER0/timer0.o
 .data          0x00800090        0x0 ./MCAL/SPI/SPI.o
 .data          0x00800090        0x0 ./MCAL/PWM0/pwm0.o
 .data          0x00800090        0x0 ./MCAL/PWM0/test_pwm0.o
 .data          0x00800090        0x0 ./MCAL/INTERRUPT/INTERRUPT.o
 .data          0x00800090        0x0 ./MCAL/DIO/DIO.o
 .data          0x00800090        0x0 ./HAL/LCD/LCD.o
 .data          0x00800090        0x0 ./HAL/KEYPAD/KEYPAD.o
 .data          0x00800090        0x0 ./HAL/ADC/ADC.o
 .data          0x00800090        0x3 ./main.o
 .data          0x00800093        0x0 c:/winavr-20100110/bin/../lib/gcc/avr/4.3.3/avr5\libgcc.a(_udivmodqi4.o)
 .data          0x00800093        0x0 c:/winavr-20100110/bin/../lib/gcc/avr/4.3.3/avr5\libgcc.a(_exit.o)
 .data          0x00800093        0x0 c:/winavr-20100110/bin/../lib/gcc/avr/4.3.3/avr5\libgcc.a(_copy_data.o)
 .data          0x00800093        0x0 c:/winavr-20100110/bin/../lib/gcc/avr/4.3.3/avr5\libgcc.a(_clear_bss.o)
 .data          0x00800093        0x0 c:/winavr-20100110/bin/../lib/gcc/avr/4.3.3/avr5\libgcc.a(_fixunssfsi.o)
 .data          0x00800093        0x0 c:/winavr-20100110/bin/../lib/gcc/avr/4.3.3/avr5\libgcc.a(_addsub_sf.o)
 .data          0x00800093        0x0 c:/winavr-20100110/bin/../lib/gcc/avr/4.3.3/avr5\libgcc.a(_mul_sf.o)
 .data          0x00800093        0x0 c:/winavr-20100110/bin/../lib/gcc/avr/4.3.3/avr5\libgcc.a(_ge_sf.o)
 .data          0x00800093        0x0 c:/winavr-20100110/bin/../lib/gcc/avr/4.3.3/avr5\libgcc.a(_sf_to_si.o)
 .data          0x00800093        0x8 c:/winavr-20100110/bin/../lib/gcc/avr/4.3.3/avr5\libgcc.a(_thenan_sf.o)
                0x00800093                __thenan_sf
 .data          0x0080009b        0x0 c:/winavr-20100110/bin/../lib/gcc/avr/4.3.3/avr5\libgcc.a(_prologue.o)
 .data          0x0080009b        0x0 c:/winavr-20100110/bin/../lib/gcc/avr/4.3.3/avr5\libgcc.a(_epilogue.o)
 .data          0x0080009b        0x0 c:/winavr-20100110/bin/../lib/gcc/avr/4.3.3/avr5\libgcc.a(_pack_sf.o)
 .data          0x0080009b        0x0 c:/winavr-20100110/bin/../lib/gcc/avr/4.3.3/avr5\libgcc.a(_unpack_sf.o)
 .data          0x0080009b        0x0 c:/winavr-20100110/bin/../lib/gcc/avr/4.3.3/avr5\libgcc.a(_fpcmp_parts_sf.o)
 *(.data*)
 .data.defTemp  0x0080009b        0x2 ./main.o
                0x0080009b                defTemp
 *(.rodata)
 *(.rodata*)
 *(.gnu.linkonce.d*)
                0x0080009e                . = ALIGN (0x2)
 *fill*         0x0080009d        0x1 00
                0x0080009e                _edata = .
                0x0080009e                PROVIDE (__data_end, .)

.bss            0x0080009e        0xc
                0x0080009e                PROVIDE (__bss_start, .)
 *(.bss)
 .bss           0x0080009e        0x0 c:/winavr-20100110/bin/../lib/gcc/avr/4.3.3/../../../../avr/lib/avr5/crtm32.o
 .bss           0x0080009e        0x0 ./Service/TC72/TC72.o
 .bss           0x0080009e        0x0 ./Service/DISPLAY/DISPLAY.o
 .bss           0x0080009e        0x0 ./MCAL/TIMER2/test_timer2.o
 .bss           0x0080009e        0x0 ./MCAL/TIMER2/timer2.o
 .bss           0x0080009e        0x0 ./MCAL/TIMER0/main_timer.o
 .bss           0x0080009e        0x0 ./MCAL/TIMER0/timer0.o
 .bss           0x0080009e        0x0 ./MCAL/SPI/SPI.o
 .bss           0x0080009e        0x0 ./MCAL/PWM0/pwm0.o
 .bss           0x0080009e        0x0 ./MCAL/PWM0/test_pwm0.o
 .bss           0x0080009e        0x0 ./MCAL/INTERRUPT/INTERRUPT.o
 .bss           0x0080009e        0x0 ./MCAL/DIO/DIO.o
 .bss           0x0080009e        0x0 ./HAL/LCD/LCD.o
 .bss           0x0080009e        0x0 ./HAL/KEYPAD/KEYPAD.o
 .bss           0x0080009e        0x0 ./HAL/ADC/ADC.o
 .bss           0x0080009e        0x0 ./main.o
 .bss           0x0080009e        0x0 c:/winavr-20100110/bin/../lib/gcc/avr/4.3.3/avr5\libgcc.a(_udivmodqi4.o)
 .bss           0x0080009e        0x0 c:/winavr-20100110/bin/../lib/gcc/avr/4.3.3/avr5\libgcc.a(_exit.o)
 .bss           0x0080009e        0x0 c:/winavr-20100110/bin/../lib/gcc/avr/4.3.3/avr5\libgcc.a(_copy_data.o)
 .bss           0x0080009e        0x0 c:/winavr-20100110/bin/../lib/gcc/avr/4.3.3/avr5\libgcc.a(_clear_bss.o)
 .bss           0x0080009e        0x0 c:/winavr-20100110/bin/../lib/gcc/avr/4.3.3/avr5\libgcc.a(_fixunssfsi.o)
 .bss           0x0080009e        0x0 c:/winavr-20100110/bin/../lib/gcc/avr/4.3.3/avr5\libgcc.a(_addsub_sf.o)
 .bss           0x0080009e        0x0 c:/winavr-20100110/bin/../lib/gcc/avr/4.3.3/avr5\libgcc.a(_mul_sf.o)
 .bss           0x0080009e        0x0 c:/winavr-20100110/bin/../lib/gcc/avr/4.3.3/avr5\libgcc.a(_ge_sf.o)
 .bss           0x0080009e        0x0 c:/winavr-20100110/bin/../lib/gcc/avr/4.3.3/avr5\libgcc.a(_sf_to_si.o)
 .bss           0x0080009e        0x0 c:/winavr-20100110/bin/../lib/gcc/avr/4.3.3/avr5\libgcc.a(_thenan_sf.o)
 .bss           0x0080009e        0x0 c:/winavr-20100110/bin/../lib/gcc/avr/4.3.3/avr5\libgcc.a(_prologue.o)
 .bss           0x0080009e        0x0 c:/winavr-20100110/bin/../lib/gcc/avr/4.3.3/avr5\libgcc.a(_epilogue.o)
 .bss           0x0080009e        0x0 c:/winavr-20100110/bin/../lib/gcc/avr/4.3.3/avr5\libgcc.a(_pack_sf.o)
 .bss           0x0080009e        0x0 c:/winavr-20100110/bin/../lib/gcc/avr/4.3.3/avr5\libgcc.a(_unpack_sf.o)
 .bss           0x0080009e        0x0 c:/winavr-20100110/bin/../lib/gcc/avr/4.3.3/avr5\libgcc.a(_fpcmp_parts_sf.o)
 *(.bss*)
 .bss.g_T2nOverflows
                0x0080009e        0x1 ./MCAL/TIMER2/timer2.o
                0x0080009e                g_T2nOverflows
 .bss.g_T2OverflowInterruptFunc_ptr
                0x0080009f        0x2 ./MCAL/TIMER2/timer2.o
 .bss.g_T2CompareInterruptFunc_ptr
                0x008000a1        0x2 ./MCAL/TIMER2/timer2.o
 .bss.g_T0nOverflows
                0x008000a3        0x1 ./MCAL/TIMER0/timer0.o
                0x008000a3                g_T0nOverflows
 .bss.g_T0OverflowInterruptFunc_ptr
                0x008000a4        0x2 ./MCAL/TIMER0/timer0.o
 .bss.g_T0CompareInterruptFunc_ptr
                0x008000a6        0x2 ./MCAL/TIMER0/timer0.o
 .bss.STATE     0x008000a8        0x1 ./main.o
                0x008000a8                STATE
 .bss.SCREEN    0x008000a9        0x1 ./main.o
                0x008000a9                SCREEN
 *(COMMON)
                0x008000aa                PROVIDE (__bss_end, .)
                0x00001c9a                __data_load_start = LOADADDR (.data)
                0x00001cd8                __data_load_end = (__data_load_start + SIZEOF (.data))

.noinit         0x008000aa        0x0
                0x008000aa                PROVIDE (__noinit_start, .)
 *(.noinit*)
                0x008000aa                PROVIDE (__noinit_end, .)
                0x008000aa                _end = .
                0x008000aa                PROVIDE (__heap_start, .)

.eeprom         0x00810000        0x0
 *(.eeprom*)
                0x00810000                __eeprom_end = .

.fuse
 *(.fuse)
 *(.lfuse)
 *(.hfuse)
 *(.efuse)

.lock
 *(.lock*)

.signature
 *(.signature*)

.stab
 *(.stab)

.stabstr
 *(.stabstr)

.stab.excl
 *(.stab.excl)

.stab.exclstr
 *(.stab.exclstr)

.stab.index
 *(.stab.index)

.stab.indexstr
 *(.stab.indexstr)

.comment
 *(.comment)

.debug
 *(.debug)

.line
 *(.line)

.debug_srcinfo
 *(.debug_srcinfo)

.debug_sfnames
 *(.debug_sfnames)

.debug_aranges  0x00000000      0x100
 *(.debug_aranges)
 .debug_aranges
                0x00000000       0x20 c:/winavr-20100110/bin/../lib/gcc/avr/4.3.3/avr5\libgcc.a(_fixunssfsi.o)
 .debug_aranges
                0x00000020       0x20 c:/winavr-20100110/bin/../lib/gcc/avr/4.3.3/avr5\libgcc.a(_addsub_sf.o)
 .debug_aranges
                0x00000040       0x20 c:/winavr-20100110/bin/../lib/gcc/avr/4.3.3/avr5\libgcc.a(_mul_sf.o)
 .debug_aranges
                0x00000060       0x20 c:/winavr-20100110/bin/../lib/gcc/avr/4.3.3/avr5\libgcc.a(_ge_sf.o)
 .debug_aranges
                0x00000080       0x20 c:/winavr-20100110/bin/../lib/gcc/avr/4.3.3/avr5\libgcc.a(_sf_to_si.o)
 .debug_aranges
                0x000000a0       0x20 c:/winavr-20100110/bin/../lib/gcc/avr/4.3.3/avr5\libgcc.a(_pack_sf.o)
 .debug_aranges
                0x000000c0       0x20 c:/winavr-20100110/bin/../lib/gcc/avr/4.3.3/avr5\libgcc.a(_unpack_sf.o)
 .debug_aranges
                0x000000e0       0x20 c:/winavr-20100110/bin/../lib/gcc/avr/4.3.3/avr5\libgcc.a(_fpcmp_parts_sf.o)

.debug_pubnames
                0x00000000      0x134
 *(.debug_pubnames)
 .debug_pubnames
                0x00000000       0x23 c:/winavr-20100110/bin/../lib/gcc/avr/4.3.3/avr5\libgcc.a(_fixunssfsi.o)
 .debug_pubnames
                0x00000023       0x2c c:/winavr-20100110/bin/../lib/gcc/avr/4.3.3/avr5\libgcc.a(_addsub_sf.o)
 .debug_pubnames
                0x0000004f       0x1f c:/winavr-20100110/bin/../lib/gcc/avr/4.3.3/avr5\libgcc.a(_mul_sf.o)
 .debug_pubnames
                0x0000006e       0x1e c:/winavr-20100110/bin/../lib/gcc/avr/4.3.3/avr5\libgcc.a(_ge_sf.o)
 .debug_pubnames
                0x0000008c       0x20 c:/winavr-20100110/bin/../lib/gcc/avr/4.3.3/avr5\libgcc.a(_sf_to_si.o)
 .debug_pubnames
                0x000000ac       0x22 c:/winavr-20100110/bin/../lib/gcc/avr/4.3.3/avr5\libgcc.a(_thenan_sf.o)
 .debug_pubnames
                0x000000ce       0x1f c:/winavr-20100110/bin/../lib/gcc/avr/4.3.3/avr5\libgcc.a(_pack_sf.o)
 .debug_pubnames
                0x000000ed       0x21 c:/winavr-20100110/bin/../lib/gcc/avr/4.3.3/avr5\libgcc.a(_unpack_sf.o)
 .debug_pubnames
                0x0000010e       0x26 c:/winavr-20100110/bin/../lib/gcc/avr/4.3.3/avr5\libgcc.a(_fpcmp_parts_sf.o)

.debug_info     0x00000000     0x174b
 *(.debug_info)
 .debug_info    0x00000000       0xb1 c:/winavr-20100110/bin/../lib/gcc/avr/4.3.3/avr5\libgcc.a(_fixunssfsi.o)
 .debug_info    0x000000b1      0x47a c:/winavr-20100110/bin/../lib/gcc/avr/4.3.3/avr5\libgcc.a(_addsub_sf.o)
 .debug_info    0x0000052b      0x485 c:/winavr-20100110/bin/../lib/gcc/avr/4.3.3/avr5\libgcc.a(_mul_sf.o)
 .debug_info    0x000009b0      0x27f c:/winavr-20100110/bin/../lib/gcc/avr/4.3.3/avr5\libgcc.a(_ge_sf.o)
 .debug_info    0x00000c2f      0x2b0 c:/winavr-20100110/bin/../lib/gcc/avr/4.3.3/avr5\libgcc.a(_sf_to_si.o)
 .debug_info    0x00000edf      0x12c c:/winavr-20100110/bin/../lib/gcc/avr/4.3.3/avr5\libgcc.a(_thenan_sf.o)
 .debug_info    0x0000100b      0x2df c:/winavr-20100110/bin/../lib/gcc/avr/4.3.3/avr5\libgcc.a(_pack_sf.o)
 .debug_info    0x000012ea      0x251 c:/winavr-20100110/bin/../lib/gcc/avr/4.3.3/avr5\libgcc.a(_unpack_sf.o)
 .debug_info    0x0000153b      0x210 c:/winavr-20100110/bin/../lib/gcc/avr/4.3.3/avr5\libgcc.a(_fpcmp_parts_sf.o)
 *(.gnu.linkonce.wi.*)

.debug_abbrev   0x00000000      0xc37
 *(.debug_abbrev)
 .debug_abbrev  0x00000000       0x5d c:/winavr-20100110/bin/../lib/gcc/avr/4.3.3/avr5\libgcc.a(_fixunssfsi.o)
 .debug_abbrev  0x0000005d      0x1ea c:/winavr-20100110/bin/../lib/gcc/avr/4.3.3/avr5\libgcc.a(_addsub_sf.o)
 .debug_abbrev  0x00000247      0x21b c:/winavr-20100110/bin/../lib/gcc/avr/4.3.3/avr5\libgcc.a(_mul_sf.o)
 .debug_abbrev  0x00000462      0x15a c:/winavr-20100110/bin/../lib/gcc/avr/4.3.3/avr5\libgcc.a(_ge_sf.o)
 .debug_abbrev  0x000005bc      0x17f c:/winavr-20100110/bin/../lib/gcc/avr/4.3.3/avr5\libgcc.a(_sf_to_si.o)
 .debug_abbrev  0x0000073b       0xad c:/winavr-20100110/bin/../lib/gcc/avr/4.3.3/avr5\libgcc.a(_thenan_sf.o)
 .debug_abbrev  0x000007e8      0x1c0 c:/winavr-20100110/bin/../lib/gcc/avr/4.3.3/avr5\libgcc.a(_pack_sf.o)
 .debug_abbrev  0x000009a8      0x154 c:/winavr-20100110/bin/../lib/gcc/avr/4.3.3/avr5\libgcc.a(_unpack_sf.o)
 .debug_abbrev  0x00000afc      0x13b c:/winavr-20100110/bin/../lib/gcc/avr/4.3.3/avr5\libgcc.a(_fpcmp_parts_sf.o)

.debug_line     0x00000000      0xc07
 *(.debug_line)
 .debug_line    0x00000000       0xa7 c:/winavr-20100110/bin/../lib/gcc/avr/4.3.3/avr5\libgcc.a(_fixunssfsi.o)
 .debug_line    0x000000a7      0x2af c:/winavr-20100110/bin/../lib/gcc/avr/4.3.3/avr5\libgcc.a(_addsub_sf.o)
 .debug_line    0x00000356      0x239 c:/winavr-20100110/bin/../lib/gcc/avr/4.3.3/avr5\libgcc.a(_mul_sf.o)
 .debug_line    0x0000058f       0xd3 c:/winavr-20100110/bin/../lib/gcc/avr/4.3.3/avr5\libgcc.a(_ge_sf.o)
 .debug_line    0x00000662      0x109 c:/winavr-20100110/bin/../lib/gcc/avr/4.3.3/avr5\libgcc.a(_sf_to_si.o)
 .debug_line    0x0000076b       0x90 c:/winavr-20100110/bin/../lib/gcc/avr/4.3.3/avr5\libgcc.a(_thenan_sf.o)
 .debug_line    0x000007fb      0x18a c:/winavr-20100110/bin/../lib/gcc/avr/4.3.3/avr5\libgcc.a(_pack_sf.o)
 .debug_line    0x00000985      0x14b c:/winavr-20100110/bin/../lib/gcc/avr/4.3.3/avr5\libgcc.a(_unpack_sf.o)
 .debug_line    0x00000ad0      0x137 c:/winavr-20100110/bin/../lib/gcc/avr/4.3.3/avr5\libgcc.a(_fpcmp_parts_sf.o)

.debug_frame    0x00000000      0x120
 *(.debug_frame)
 .debug_frame   0x00000000       0x20 c:/winavr-20100110/bin/../lib/gcc/avr/4.3.3/avr5\libgcc.a(_fixunssfsi.o)
 .debug_frame   0x00000020       0x40 c:/winavr-20100110/bin/../lib/gcc/avr/4.3.3/avr5\libgcc.a(_addsub_sf.o)
 .debug_frame   0x00000060       0x20 c:/winavr-20100110/bin/../lib/gcc/avr/4.3.3/avr5\libgcc.a(_mul_sf.o)
 .debug_frame   0x00000080       0x20 c:/winavr-20100110/bin/../lib/gcc/avr/4.3.3/avr5\libgcc.a(_ge_sf.o)
 .debug_frame   0x000000a0       0x20 c:/winavr-20100110/bin/../lib/gcc/avr/4.3.3/avr5\libgcc.a(_sf_to_si.o)
 .debug_frame   0x000000c0       0x20 c:/winavr-20100110/bin/../lib/gcc/avr/4.3.3/avr5\libgcc.a(_pack_sf.o)
 .debug_frame   0x000000e0       0x20 c:/winavr-20100110/bin/../lib/gcc/avr/4.3.3/avr5\libgcc.a(_unpack_sf.o)
 .debug_frame   0x00000100       0x20 c:/winavr-20100110/bin/../lib/gcc/avr/4.3.3/avr5\libgcc.a(_fpcmp_parts_sf.o)

.debug_str      0x00000000      0x27d
 *(.debug_str)
 .debug_str     0x00000000       0xbf c:/winavr-20100110/bin/../lib/gcc/avr/4.3.3/avr5\libgcc.a(_fixunssfsi.o)
                                 0xfe (size before relaxing)
 .debug_str     0x000000bf      0x14d c:/winavr-20100110/bin/../lib/gcc/avr/4.3.3/avr5\libgcc.a(_addsub_sf.o)
                                0x206 (size before relaxing)
 .debug_str     0x0000020c       0x27 c:/winavr-20100110/bin/../lib/gcc/avr/4.3.3/avr5\libgcc.a(_mul_sf.o)
                                0x1bf (size before relaxing)
 .debug_str     0x00000233        0xf c:/winavr-20100110/bin/../lib/gcc/avr/4.3.3/avr5\libgcc.a(_ge_sf.o)
                                0x195 (size before relaxing)
 .debug_str     0x00000242        0xa c:/winavr-20100110/bin/../lib/gcc/avr/4.3.3/avr5\libgcc.a(_sf_to_si.o)
                                0x19e (size before relaxing)
 .debug_str     0x00000000      0x103 c:/winavr-20100110/bin/../lib/gcc/avr/4.3.3/avr5\libgcc.a(_thenan_sf.o)
 .debug_str     0x0000024c       0x16 c:/winavr-20100110/bin/../lib/gcc/avr/4.3.3/avr5\libgcc.a(_pack_sf.o)
                                0x19d (size before relaxing)
 .debug_str     0x00000262        0xb c:/winavr-20100110/bin/../lib/gcc/avr/4.3.3/avr5\libgcc.a(_unpack_sf.o)
                                0x17f (size before relaxing)
 .debug_str     0x0000026d       0x10 c:/winavr-20100110/bin/../lib/gcc/avr/4.3.3/avr5\libgcc.a(_fpcmp_parts_sf.o)
                                0x163 (size before relaxing)

.debug_loc      0x00000000      0x756
 *(.debug_loc)
 .debug_loc     0x00000000       0x34 c:/winavr-20100110/bin/../lib/gcc/avr/4.3.3/avr5\libgcc.a(_fixunssfsi.o)
 .debug_loc     0x00000034      0x32a c:/winavr-20100110/bin/../lib/gcc/avr/4.3.3/avr5\libgcc.a(_addsub_sf.o)
 .debug_loc     0x0000035e      0x104 c:/winavr-20100110/bin/../lib/gcc/avr/4.3.3/avr5\libgcc.a(_mul_sf.o)
 .debug_loc     0x00000462       0x3c c:/winavr-20100110/bin/../lib/gcc/avr/4.3.3/avr5\libgcc.a(_ge_sf.o)
 .debug_loc     0x0000049e       0x7e c:/winavr-20100110/bin/../lib/gcc/avr/4.3.3/avr5\libgcc.a(_sf_to_si.o)
 .debug_loc     0x0000051c      0x13e c:/winavr-20100110/bin/../lib/gcc/avr/4.3.3/avr5\libgcc.a(_pack_sf.o)
 .debug_loc     0x0000065a       0xac c:/winavr-20100110/bin/../lib/gcc/avr/4.3.3/avr5\libgcc.a(_unpack_sf.o)
 .debug_loc     0x00000706       0x50 c:/winavr-20100110/bin/../lib/gcc/avr/4.3.3/avr5\libgcc.a(_fpcmp_parts_sf.o)

.debug_macinfo
 *(.debug_macinfo)
OUTPUT(Embedded-Temperature-Controlling-System.elf elf32-avr)
LOAD linker stubs

.debug_ranges   0x00000000       0x50
 .debug_ranges  0x00000000       0x50 c:/winavr-20100110/bin/../lib/gcc/avr/4.3.3/avr5\libgcc.a(_mul_sf.o)
