Archive member included because of file (symbol)

c:/winavr-20100110/bin/../lib/gcc/avr/4.3.3/avr5\libgcc.a(_exit.o)
                              c:/winavr-20100110/bin/../lib/gcc/avr/4.3.3/../../../../avr/lib/avr5/crtm32.o (exit)
c:/winavr-20100110/bin/../lib/gcc/avr/4.3.3/avr5\libgcc.a(_clear_bss.o)
                              ./MCAL/TIMER0/timer0.o (__do_clear_bss)

Memory Configuration

Name             Origin             Length             Attributes
text             0x00000000         0x00020000         xr
data             0x00800060         0x0000ffa0         rw !x
eeprom           0x00810000         0x00010000         rw !x
fuse             0x00820000         0x00000400         rw !x
lock             0x00830000         0x00000400         rw !x
signature        0x00840000         0x00000400         rw !x
*default*        0x00000000         0xffffffff

Linker script and memory map

LOAD c:/winavr-20100110/bin/../lib/gcc/avr/4.3.3/../../../../avr/lib/avr5/crtm32.o
LOAD ./MCAL/TIMER0/timer0.o
LOAD ./MCAL/DIO.o
LOAD ./HAL/LCD/LCD.o
LOAD ./main.o
LOAD ./main_timer.o
LOAD c:/winavr-20100110/bin/../lib/gcc/avr/4.3.3/avr5\libgcc.a
LOAD c:/winavr-20100110/bin/../lib/gcc/avr/4.3.3/../../../../avr/lib/avr5\libc.a
LOAD c:/winavr-20100110/bin/../lib/gcc/avr/4.3.3/avr5\libgcc.a

.hash
 *(.hash)

.dynsym
 *(.dynsym)

.dynstr
 *(.dynstr)

.gnu.version
 *(.gnu.version)

.gnu.version_d
 *(.gnu.version_d)

.gnu.version_r
 *(.gnu.version_r)

.rel.init
 *(.rel.init)

.rela.init
 *(.rela.init)

.rel.text
 *(.rel.text)
 *(.rel.text.*)
 *(.rel.gnu.linkonce.t*)

.rela.text
 *(.rela.text)
 *(.rela.text.*)
 *(.rela.gnu.linkonce.t*)

.rel.fini
 *(.rel.fini)

.rela.fini
 *(.rela.fini)

.rel.rodata
 *(.rel.rodata)
 *(.rel.rodata.*)
 *(.rel.gnu.linkonce.r*)

.rela.rodata
 *(.rela.rodata)
 *(.rela.rodata.*)
 *(.rela.gnu.linkonce.r*)

.rel.data
 *(.rel.data)
 *(.rel.data.*)
 *(.rel.gnu.linkonce.d*)

.rela.data
 *(.rela.data)
 *(.rela.data.*)
 *(.rela.gnu.linkonce.d*)

.rel.ctors
 *(.rel.ctors)

.rela.ctors
 *(.rela.ctors)

.rel.dtors
 *(.rel.dtors)

.rela.dtors
 *(.rela.dtors)

.rel.got
 *(.rel.got)

.rela.got
 *(.rela.got)

.rel.bss
 *(.rel.bss)

.rela.bss
 *(.rela.bss)

.rel.plt
 *(.rel.plt)

.rela.plt
 *(.rela.plt)

.text           0x00000000      0x8a6
 *(.vectors)
 .vectors       0x00000000       0x54 c:/winavr-20100110/bin/../lib/gcc/avr/4.3.3/../../../../avr/lib/avr5/crtm32.o
                0x00000000                __vectors
                0x00000000                __vector_default
 *(.vectors)
 *(.progmem.gcc*)
 *(.progmem*)
                0x00000054                . = ALIGN (0x2)
                0x00000054                __trampolines_start = .
 *(.trampolines)
 .trampolines   0x00000054        0x0 linker stubs
 *(.trampolines*)
                0x00000054                __trampolines_end = .
 *(.jumptables)
 *(.jumptables*)
 *(.lowtext)
 *(.lowtext*)
                0x00000054                __ctors_start = .
 *(.ctors)
                0x00000054                __ctors_end = .
                0x00000054                __dtors_start = .
 *(.dtors)
                0x00000054                __dtors_end = .
 SORT(*)(.ctors)
 SORT(*)(.dtors)
 *(.init0)
 .init0         0x00000054        0x0 c:/winavr-20100110/bin/../lib/gcc/avr/4.3.3/../../../../avr/lib/avr5/crtm32.o
                0x00000054                __init
 *(.init0)
 *(.init1)
 *(.init1)
 *(.init2)
 .init2         0x00000054        0xc c:/winavr-20100110/bin/../lib/gcc/avr/4.3.3/../../../../avr/lib/avr5/crtm32.o
 *(.init2)
 *(.init3)
 *(.init3)
 *(.init4)
 .init4         0x00000060       0x10 c:/winavr-20100110/bin/../lib/gcc/avr/4.3.3/avr5\libgcc.a(_clear_bss.o)
                0x00000060                __do_clear_bss
 *(.init4)
 *(.init5)
 *(.init5)
 *(.init6)
 *(.init6)
 *(.init7)
 *(.init7)
 *(.init8)
 *(.init8)
 *(.init9)
 .init9         0x00000070        0x8 c:/winavr-20100110/bin/../lib/gcc/avr/4.3.3/../../../../avr/lib/avr5/crtm32.o
 *(.init9)
 *(.text)
 .text          0x00000078        0x4 c:/winavr-20100110/bin/../lib/gcc/avr/4.3.3/../../../../avr/lib/avr5/crtm32.o
                0x00000078                __vector_1
                0x00000078                __vector_12
                0x00000078                __bad_interrupt
                0x00000078                __vector_6
                0x00000078                __vector_3
                0x00000078                __vector_13
                0x00000078                __vector_17
                0x00000078                __vector_19
                0x00000078                __vector_7
                0x00000078                __vector_5
                0x00000078                __vector_4
                0x00000078                __vector_9
                0x00000078                __vector_2
                0x00000078                __vector_15
                0x00000078                __vector_8
                0x00000078                __vector_14
                0x00000078                __vector_16
                0x00000078                __vector_18
                0x00000078                __vector_20
 .text          0x0000007c        0x0 ./MCAL/TIMER0/timer0.o
 .text          0x0000007c        0x0 ./MCAL/DIO.o
 .text          0x0000007c        0x0 ./HAL/LCD/LCD.o
 .text          0x0000007c        0x0 ./main.o
 .text          0x0000007c        0x0 ./main_timer.o
 .text          0x0000007c        0x0 c:/winavr-20100110/bin/../lib/gcc/avr/4.3.3/avr5\libgcc.a(_exit.o)
 .text          0x0000007c        0x0 c:/winavr-20100110/bin/../lib/gcc/avr/4.3.3/avr5\libgcc.a(_clear_bss.o)
                0x0000007c                . = ALIGN (0x2)
 *(.text.*)
 .text.TIMER0_init
                0x0000007c       0x56 ./MCAL/TIMER0/timer0.o
                0x0000007c                TIMER0_init
 .text.TIMER0_start
                0x000000d2        0xa ./MCAL/TIMER0/timer0.o
                0x000000d2                TIMER0_start
 .text.TIMER0_setCompareValue
                0x000000dc        0x4 ./MCAL/TIMER0/timer0.o
                0x000000dc                TIMER0_setCompareValue
 .text.TIMER0_stop
                0x000000e0       0x14 ./MCAL/TIMER0/timer0.o
                0x000000e0                TIMER0_stop
 .text.TIMER0_setCompareModeCallBack
                0x000000f4        0xa ./MCAL/TIMER0/timer0.o
                0x000000f4                TIMER0_setCompareModeCallBack
 .text.TIMER0_setOverflowModeCallBack
                0x000000fe        0xa ./MCAL/TIMER0/timer0.o
                0x000000fe                TIMER0_setOverflowModeCallBack
 .text.__vector_10
                0x00000108       0x5a ./MCAL/TIMER0/timer0.o
                0x00000108                __vector_10
 .text.__vector_11
                0x00000162       0x5a ./MCAL/TIMER0/timer0.o
                0x00000162                __vector_11
 .text.DIO_setPINDir
                0x000001bc       0xe4 ./MCAL/DIO.o
                0x000001bc                DIO_setPINDir
 .text.DIO_write
                0x000002a0       0xe4 ./MCAL/DIO.o
                0x000002a0                DIO_write
 .text.DIO_readPin
                0x00000384       0x3c ./MCAL/DIO.o
                0x00000384                DIO_readPin
 .text.DIO_readPort
                0x000003c0      0x108 ./MCAL/DIO.o
                0x000003c0                DIO_readPort
 .text.DIO_togglePin
                0x000004c8       0x70 ./MCAL/DIO.o
                0x000004c8                DIO_togglePin
 .text.DIO_writePort
                0x00000538       0x28 ./MCAL/DIO.o
                0x00000538                DIO_writePort
 .text.DIO_writeHighnibble
                0x00000560       0x40 ./MCAL/DIO.o
                0x00000560                DIO_writeHighnibble
 .text.clear_highNibble
                0x000005a0       0x38 ./MCAL/DIO.o
                0x000005a0                clear_highNibble
 .text.DIO_connectPullup
                0x000005d8      0x120 ./MCAL/DIO.o
                0x000005d8                DIO_connectPullup
 .text.send_falling_edge
                0x000006f8       0x24 ./HAL/LCD/LCD.o
 .text.LCD_DispChar
                0x0000071c       0x64 ./HAL/LCD/LCD.o
                0x0000071c                LCD_DispChar
 .text.LCD_Print
                0x00000780       0x1a ./HAL/LCD/LCD.o
                0x00000780                LCD_Print
 .text.LCD_SendCommand
                0x0000079a       0x64 ./HAL/LCD/LCD.o
                0x0000079a                LCD_SendCommand
 .text.LCD_clearscreen
                0x000007fe       0x16 ./HAL/LCD/LCD.o
                0x000007fe                LCD_clearscreen
 .text.LCD_Init
                0x00000814       0x5e ./HAL/LCD/LCD.o
                0x00000814                LCD_Init
 .text.main     0x00000872       0x30 ./main.o
                0x00000872                main
 .text.libgcc   0x000008a2        0x0 c:/winavr-20100110/bin/../lib/gcc/avr/4.3.3/avr5\libgcc.a(_exit.o)
 .text.libgcc   0x000008a2        0x0 c:/winavr-20100110/bin/../lib/gcc/avr/4.3.3/avr5\libgcc.a(_clear_bss.o)
                0x000008a2                . = ALIGN (0x2)
 *(.fini9)
 .fini9         0x000008a2        0x0 c:/winavr-20100110/bin/../lib/gcc/avr/4.3.3/avr5\libgcc.a(_exit.o)
                0x000008a2                exit
                0x000008a2                _exit
 *(.fini9)
 *(.fini8)
 *(.fini8)
 *(.fini7)
 *(.fini7)
 *(.fini6)
 *(.fini6)
 *(.fini5)
 *(.fini5)
 *(.fini4)
 *(.fini4)
 *(.fini3)
 *(.fini3)
 *(.fini2)
 *(.fini2)
 *(.fini1)
 *(.fini1)
 *(.fini0)
 .fini0         0x000008a2        0x4 c:/winavr-20100110/bin/../lib/gcc/avr/4.3.3/avr5\libgcc.a(_exit.o)
 *(.fini0)
                0x000008a6                _etext = .

.data           0x00800060        0x0 load address 0x000008a6
                0x00800060                PROVIDE (__data_start, .)
 *(.data)
 .data          0x00800060        0x0 c:/winavr-20100110/bin/../lib/gcc/avr/4.3.3/../../../../avr/lib/avr5/crtm32.o
 .data          0x00800060        0x0 ./MCAL/TIMER0/timer0.o
 .data          0x00800060        0x0 ./MCAL/DIO.o
 .data          0x00800060        0x0 ./HAL/LCD/LCD.o
 .data          0x00800060        0x0 ./main.o
 .data          0x00800060        0x0 ./main_timer.o
 .data          0x00800060        0x0 c:/winavr-20100110/bin/../lib/gcc/avr/4.3.3/avr5\libgcc.a(_exit.o)
 .data          0x00800060        0x0 c:/winavr-20100110/bin/../lib/gcc/avr/4.3.3/avr5\libgcc.a(_clear_bss.o)
 *(.data*)
 *(.rodata)
 *(.rodata*)
 *(.gnu.linkonce.d*)
                0x00800060                . = ALIGN (0x2)
                0x00800060                _edata = .
                0x00800060                PROVIDE (__data_end, .)

.bss            0x00800060        0x4
                0x00800060                PROVIDE (__bss_start, .)
 *(.bss)
 .bss           0x00800060        0x0 c:/winavr-20100110/bin/../lib/gcc/avr/4.3.3/../../../../avr/lib/avr5/crtm32.o
 .bss           0x00800060        0x0 ./MCAL/TIMER0/timer0.o
 .bss           0x00800060        0x0 ./MCAL/DIO.o
 .bss           0x00800060        0x0 ./HAL/LCD/LCD.o
 .bss           0x00800060        0x0 ./main.o
 .bss           0x00800060        0x0 ./main_timer.o
 .bss           0x00800060        0x0 c:/winavr-20100110/bin/../lib/gcc/avr/4.3.3/avr5\libgcc.a(_exit.o)
 .bss           0x00800060        0x0 c:/winavr-20100110/bin/../lib/gcc/avr/4.3.3/avr5\libgcc.a(_clear_bss.o)
 *(.bss*)
 .bss.g_T0OverflowInterruptFunc_ptr
                0x00800060        0x2 ./MCAL/TIMER0/timer0.o
 .bss.g_T0CompareInterruptFunc_ptr
                0x00800062        0x2 ./MCAL/TIMER0/timer0.o
 *(COMMON)
                0x00800064                PROVIDE (__bss_end, .)
                0x000008a6                __data_load_start = LOADADDR (.data)
                0x000008a6                __data_load_end = (__data_load_start + SIZEOF (.data))

.noinit         0x00800064        0x0
                0x00800064                PROVIDE (__noinit_start, .)
 *(.noinit*)
                0x00800064                PROVIDE (__noinit_end, .)
                0x00800064                _end = .
                0x00800064                PROVIDE (__heap_start, .)

.eeprom         0x00810000        0x0
 *(.eeprom*)
                0x00810000                __eeprom_end = .

.fuse
 *(.fuse)
 *(.lfuse)
 *(.hfuse)
 *(.efuse)

.lock
 *(.lock*)

.signature
 *(.signature*)

.stab
 *(.stab)

.stabstr
 *(.stabstr)

.stab.excl
 *(.stab.excl)

.stab.exclstr
 *(.stab.exclstr)

.stab.index
 *(.stab.index)

.stab.indexstr
 *(.stab.indexstr)

.comment
 *(.comment)

.debug
 *(.debug)

.line
 *(.line)

.debug_srcinfo
 *(.debug_srcinfo)

.debug_sfnames
 *(.debug_sfnames)

.debug_aranges
 *(.debug_aranges)

.debug_pubnames
 *(.debug_pubnames)

.debug_info
 *(.debug_info)
 *(.gnu.linkonce.wi.*)

.debug_abbrev
 *(.debug_abbrev)

.debug_line
 *(.debug_line)

.debug_frame
 *(.debug_frame)

.debug_str
 *(.debug_str)

.debug_loc
 *(.debug_loc)

.debug_macinfo
 *(.debug_macinfo)
OUTPUT(Embedded-Temperature-Controlling-System.elf elf32-avr)
LOAD linker stubs
